// Jest Snapshot v1, https://goo.gl/fbAQLP

exports[`LoginComponent Snapshot 1`] = `
<div
  className="container"
>
  <div
    className="jumbotron"
  >
    <h1>
      Github username
    </h1>
    <p>
      <input
        className="form-control"
        onChange={[Function]}
        placeholder="Username"
        type="email"
      />
    </p>
    <p>
      <a
        className="btn btn-primary btn-lg"
        onClick={[Function]}
        onKeyPress={[Function]}
        role="button"
        tabIndex={0}
      >
        Send
      </a>
    </p>
  </div>
</div>
`;
